  ID | Name            |   Status   |    Score
----------------------------------------------
   1 | John Smith      |   Active   |     95.5
   2 | Jane Doe        |  Inactive  |     87.2
 123 | Bob Johnson Jr. |  Pending   |     92.8
   4 | Alice           |   Active   |     98.0
