Col1     |    Col2    |     Col3 | Col4
----------------------------------------
Data     |  Present   |      123 | Full
         | Empty f... |      456 |
Partial  |            |          | On...
         |            |          |
