Left         |     Center      |        Right | Auto
-------------------------------------------------------
Short        | Medium text ... | Long content | A
A            |        B        |            C | Dynamic
Test data    | Centered con... | Right ali... | Sz
